graph: { title: "linux/HugePageMeter.c"
node: { title: "linux/HugePageMeter.c:HugePageMeter_updateValues" label: "HugePageMeter_updateValues\nlinux/HugePageMeter.c:37:13\n32 bytes (static)" }
node: { title: "Meter_humanUnit" label: "Meter_humanUnit\n./Meter.h:148:5" shape : ellipse }
edge: { sourcename: "linux/HugePageMeter.c:HugePageMeter_updateValues" targetname: "Meter_humanUnit" label: "linux/HugePageMeter.c:66:14" }
edge: { sourcename: "linux/HugePageMeter.c:HugePageMeter_updateValues" targetname: "Meter_humanUnit" label: "linux/HugePageMeter.c:71:4" }
node: { title: "linux/HugePageMeter.c:HugePageMeter_display" label: "HugePageMeter_display\nlinux/HugePageMeter.c:74:13\n144 bytes (static)" }
node: { title: "RichString_writeAscii" label: "RichString_writeAscii\n./RichString.h:77:5" shape : ellipse }
edge: { sourcename: "linux/HugePageMeter.c:HugePageMeter_display" targetname: "RichString_writeAscii" label: "linux/HugePageMeter.c:78:4" }
edge: { sourcename: "linux/HugePageMeter.c:HugePageMeter_display" targetname: "Meter_humanUnit" label: "linux/HugePageMeter.c:79:4" }
node: { title: "RichString_appendAscii" label: "RichString_appendAscii\n./RichString.h:73:5" shape : ellipse }
edge: { sourcename: "linux/HugePageMeter.c:HugePageMeter_display" targetname: "RichString_appendAscii" label: "linux/HugePageMeter.c:80:4" }
edge: { sourcename: "linux/HugePageMeter.c:HugePageMeter_display" targetname: "RichString_appendAscii" label: "linux/HugePageMeter.c:86:7" }
edge: { sourcename: "linux/HugePageMeter.c:HugePageMeter_display" targetname: "Meter_humanUnit" label: "linux/HugePageMeter.c:87:7" }
edge: { sourcename: "linux/HugePageMeter.c:HugePageMeter_display" targetname: "RichString_appendAscii" label: "linux/HugePageMeter.c:88:7" }
}
