graph: { title: "ClockMeter.c"
node: { title: "ClockMeter.c:ClockMeter_updateValues" label: "ClockMeter_updateValues\nClockMeter.c:24:13\n96 bytes (static)" }
node: { title: "localtime_r" label: "localtime_r\n/usr/include/time.h:133:19" shape : ellipse }
edge: { sourcename: "ClockMeter.c:ClockMeter_updateValues" targetname: "localtime_r" label: "ClockMeter.c:28:26" }
node: { title: "strftime" label: "strftime\n/usr/include/time.h:88:15" shape : ellipse }
edge: { sourcename: "ClockMeter.c:ClockMeter_updateValues" targetname: "strftime" label: "ClockMeter.c:30:4" }
}
